  Building NVCC (Device) object CMakeFiles/OptixNormals.dir/src/Release/OptixNormals_generated_morton.cu.obj
  morton.cu
C:/Program Files/NVIDIA GPU Computing Toolkit/CUDA/v12.6/include\cub/warp/specializations/warp_exchange_shfl.cuh(1): warning C4819: 璇ユ枃浠跺寘鍚笉鑳藉湪褰撳墠浠ｇ爜椤?936)涓〃绀虹殑瀛楃銆傝灏嗚鏂囦欢淇濆瓨涓?Unicode 鏍煎紡浠ラ槻姝㈡暟鎹涪澶?
C:/Program Files/NVIDIA GPU Computing Toolkit/CUDA/v12.6/include\cuda.h(22252): warning C4819: 璇ユ枃浠跺寘鍚笉鑳藉湪褰撳墠浠ｇ爜椤?936)涓〃绀虹殑瀛楃銆傝灏嗚鏂囦欢淇濆瓨涓?Unicode 鏍煎紡浠ラ槻姝㈡暟鎹涪澶?
C:/Program Files/NVIDIA GPU Computing Toolkit/CUDA/v12.6/include\cuda.h(22958): warning C4819: 璇ユ枃浠跺寘鍚笉鑳藉湪褰撳墠浠ｇ爜椤?936)涓〃绀虹殑瀛楃銆傝灏嗚鏂囦欢淇濆瓨涓?Unicode 鏍煎紡浠ラ槻姝㈡暟鎹涪澶?
C:/Program Files/NVIDIA GPU Computing Toolkit/CUDA/v12.6/include\cub/warp/specializations/warp_exchange_shfl.cuh(1): warning C4819: 璇ユ枃浠跺寘鍚笉鑳藉湪褰撳墠浠ｇ爜椤?936)涓〃绀虹殑瀛楃銆傝灏嗚鏂囦欢淇濆瓨涓?Unicode 鏍煎紡浠ラ槻姝㈡暟鎹涪澶?
C:/Program Files/NVIDIA GPU Computing Toolkit/CUDA/v12.6/include\cuda.h(22252): warning C4819: 璇ユ枃浠跺寘鍚笉鑳藉湪褰撳墠浠ｇ爜椤?936)涓〃绀虹殑瀛楃銆傝灏嗚鏂囦欢淇濆瓨涓?Unicode 鏍煎紡浠ラ槻姝㈡暟鎹涪澶?
C:/Program Files/NVIDIA GPU Computing Toolkit/CUDA/v12.6/include\cuda.h(22958): warning C4819: 璇ユ枃浠跺寘鍚笉鑳藉湪褰撳墠浠ｇ爜椤?936)涓〃绀虹殑瀛楃銆傝灏嗚鏂囦欢淇濆瓨涓?Unicode 鏍煎紡浠ラ槻姝㈡暟鎹涪澶?
C:/Program Files/NVIDIA GPU Computing Toolkit/CUDA/v12.6/include\cub/warp/specializations/warp_exchange_shfl.cuh(1): warning C4819: 璇ユ枃浠跺寘鍚笉鑳藉湪褰撳墠浠ｇ爜椤?936)涓〃绀虹殑瀛楃銆傝灏嗚鏂囦欢淇濆瓨涓?Unicode 鏍煎紡浠ラ槻姝㈡暟鎹涪澶?
C:/Program Files/NVIDIA GPU Computing Toolkit/CUDA/v12.6/include\cuda.h(22252): warning C4819: 璇ユ枃浠跺寘鍚笉鑳藉湪褰撳墠浠ｇ爜椤?936)涓〃绀虹殑瀛楃銆傝灏嗚鏂囦欢淇濆瓨涓?Unicode 鏍煎紡浠ラ槻姝㈡暟鎹涪澶?
C:/Program Files/NVIDIA GPU Computing Toolkit/CUDA/v12.6/include\cuda.h(22958): warning C4819: 璇ユ枃浠跺寘鍚笉鑳藉湪褰撳墠浠ｇ爜椤?936)涓〃绀虹殑瀛楃銆傝灏嗚鏂囦欢淇濆瓨涓?Unicode 鏍煎紡浠ラ槻姝㈡暟鎹涪澶?
C:/Program Files/NVIDIA GPU Computing Toolkit/CUDA/v12.6/include\cub/warp/specializations/warp_exchange_shfl.cuh(1): warning C4819: 璇ユ枃浠跺寘鍚笉鑳藉湪褰撳墠浠ｇ爜椤?936)涓〃绀虹殑瀛楃銆傝灏嗚鏂囦欢淇濆瓨涓?Unicode 鏍煎紡浠ラ槻姝㈡暟鎹涪澶?
C:/Program Files/NVIDIA GPU Computing Toolkit/CUDA/v12.6/include\cuda.h(22252): warning C4819: 璇ユ枃浠跺寘鍚笉鑳藉湪褰撳墠浠ｇ爜椤?936)涓〃绀虹殑瀛楃銆傝灏嗚鏂囦欢淇濆瓨涓?Unicode 鏍煎紡浠ラ槻姝㈡暟鎹涪澶?
C:/Program Files/NVIDIA GPU Computing Toolkit/CUDA/v12.6/include\cuda.h(22958): warning C4819: 璇ユ枃浠跺寘鍚笉鑳藉湪褰撳墠浠ｇ爜椤?936)涓〃绀虹殑瀛楃銆傝灏嗚鏂囦欢淇濆瓨涓?Unicode 鏍煎紡浠ラ槻姝㈡暟鎹涪澶?
  morton.cu
  tmpxft_0000233c_00000000-10_morton.cudafe1.cpp
  main.cpp
C:\Program Files\NVIDIA GPU Computing Toolkit\CUDA\v12.6\include\cuda.h(22252,1): warning C4819: 该文件包含不能在当前代码页(936)中表示的字符。请将该文件保存为 Unicode 格式以防止数据丢失
  (编译源文件“../src/main.cpp”)
  
C:\Program Files\NVIDIA GPU Computing Toolkit\CUDA\v12.6\include\cuda.h(22958,1): warning C4819: 该文件包含不能在当前代码页(936)中表示的字符。请将该文件保存为 Unicode 格式以防止数据丢失
  (编译源文件“../src/main.cpp”)
  
C:\CloserAPP\PCL3D\fast_radius_search-main\include\cuda_buffer.hpp(121,45): warning C4141: “inline”: 使用了多次
  (编译源文件“../src/main.cpp”)
      C:\CloserAPP\PCL3D\fast_radius_search-main\include\cuda_buffer.hpp(121,45):
      模板实例化上下文(最早的实例化上下文)为
          C:\CloserAPP\PCL3D\fast_radius_search-main\include\cuda_buffer.hpp(14,11):
          在编译类模板“bvh_radSearch::cudaBuffer”时
  
C:\CloserAPP\PCL3D\fast_radius_search-main\include\cuda_buffer.hpp(123,45): warning C4141: “inline”: 使用了多次
  (编译源文件“../src/main.cpp”)
  
C:\CloserAPP\PCL3D\fast_radius_search-main\include\radius_search.hpp(77,17): warning C4297: “bvh_radSearch::bvh_index::shader_t::~shader_t”: 假定函数不引发异常，但确实发生了
  (编译源文件“../src/main.cpp”)
      C:\CloserAPP\PCL3D\fast_radius_search-main\include\radius_search.hpp(77,17):
      析构函数或释放器具有一个(可能是隐含的)非引发异常规范
  
C:\CloserAPP\PCL3D\fast_radius_search-main\include\radius_search.hpp(78,17): warning C4297: “bvh_radSearch::bvh_index::shader_t::~shader_t”: 假定函数不引发异常，但确实发生了
  (编译源文件“../src/main.cpp”)
      C:\CloserAPP\PCL3D\fast_radius_search-main\include\radius_search.hpp(78,17):
      析构函数或释放器具有一个(可能是隐含的)非引发异常规范
  
C:\CloserAPP\PCL3D\fast_radius_search-main\include\radius_search.hpp(79,17): warning C4297: “bvh_radSearch::bvh_index::shader_t::~shader_t”: 假定函数不引发异常，但确实发生了
  (编译源文件“../src/main.cpp”)
      C:\CloserAPP\PCL3D\fast_radius_search-main\include\radius_search.hpp(79,17):
      析构函数或释放器具有一个(可能是隐含的)非引发异常规范
  
C:\Program Files\Microsoft Visual Studio\2022\Community\VC\Tools\MSVC\14.42.34433\include\filesystem(12): warning STL4038: The contents of <filesystem> are available only with C++17 or later.
    正在创建库 C:/CloserAPP/PCL3D/fast_radius_search-main/build/Release/OptixNormals.lib 和对象 C:/CloserAPP/PCL3D/fast_radius_search-main/build/Release/OptixNormals.exp
  OptixNormals.vcxproj -> C:\CloserAPP\PCL3D\fast_radius_search-main\build\Release\OptixNormals.exe
